[    7057ms] [ERROR] Failed to load resource: net::ERR_SSL_VERSION_OR_CIPHER_MISMATCH @ https://i.postimg.cc/KjMH94Sf/jakartahoki-gif.gif:0
[    7263ms] [ERROR] Failed to load resource: net::ERR_SSL_VERSION_OR_CIPHER_MISMATCH @ https://i.postimg.cc/CxQ1SkKC/photo-2026-04-23-19-27-51-(2).jpg:0
[    7739ms] Unexpected token '<'
[    7741ms] ReferenceError: NIBKUE1004 is not defined
    at https://aafimopi.org/:211:238
[    7743ms] Unexpected number
[    7744ms] Unexpected number
[    7744ms] TypeError: Cannot set properties of undefined (setting 'lib')
    at https://aafimopi.org/:283:47
    at https://aafimopi.org/:409:3
[    7760ms] Unexpected identifier 'TOGEL'
[    8158ms] [ERROR] Access to script at 'https://static.cloudflareinsights.com/beacon.min.js/v8c78df7c7c0f484497ecbca704664TOTO%20TOGEL%204Da1771523124516' from origin 'https://aafimopi.org' has been blocked by CORS policy: No 'Access-Control-Allow-Origin' header is present on the requested resource. @ https://aafimopi.org/:12583
[    8158ms] [ERROR] Failed to load resource: net::ERR_FAILED @ https://static.cloudflareinsights.com/beacon.min.js/v8c78df7c7c0f484497ecbca704664TOTO%20TOGEL%204Da1771523124516:0
[    8221ms] [ERROR] Failed to load resource: net::ERR_SSL_VERSION_OR_CIPHER_MISMATCH @ https://i.postimg.cc/CxQ1SkKC/photo-2026-04-23-19-27-51-(2).jpg:0
[    8363ms] [WARNING] [Meta pixel] 165971065669324 is unavailable on this website due to it's traffic permission settings. Go to https://www.facebook.com/business/help/572690630080597 to learn more. @ https://connect.facebook.net/en_US/fbevents.js:181
[    8995ms] [ERROR] Framing 'https://shop.app/' violates the following Content Security Policy directive: "frame-ancestors https://outerbloom1.myshopify.com https://www.outerbloom.com https://outerbloom.com https://www.outerbloom.co.id https://outerbloom.co.id https://outerbloom1.account.myshopify.com https://shopify.com". The request has been blocked.
 @ :0
[    9012ms] [ERROR] Access to fetch at 'https://outerbloom.com/api/collect' from origin 'https://aafimopi.org' has been blocked by CORS policy: Response to preflight request doesn't pass access control check: No 'Access-Control-Allow-Origin' header is present on the requested resource. @ https://aafimopi.org/:0
[    9013ms] [ERROR] Failed to load resource: net::ERR_FAILED @ https://outerbloom.com/api/collect:0
[    9402ms] [ERROR] Failed to load resource: net::ERR_SSL_VERSION_OR_CIPHER_MISMATCH @ https://i.postimg.cc/ZR7101Z7/icon-removebg-preview-(1).png:0
[   10802ms] [ERROR] Access to fetch at 'https://outerbloom.com/api/collect' from origin 'https://aafimopi.org' has been blocked by CORS policy: Response to preflight request doesn't pass access control check: No 'Access-Control-Allow-Origin' header is present on the requested resource. @ https://aafimopi.org/:0
[   10802ms] [ERROR] Failed to load resource: net::ERR_FAILED @ https://outerbloom.com/api/collect:0
[   11548ms] [ERROR] Failed to load resource: the server responded with a status of 400 () @ https://aplo-evnt.com/api/v1/intent_pixel/track_request?app_id=68805f12b2074b001d43bfd8:0
[   13257ms] [ERROR] Access to fetch at 'https://outerbloom.com/api/collect' from origin 'https://aafimopi.org' has been blocked by CORS policy: Response to preflight request doesn't pass access control check: No 'Access-Control-Allow-Origin' header is present on the requested resource. @ https://aafimopi.org/:0
[   13257ms] [ERROR] Failed to load resource: net::ERR_FAILED @ https://outerbloom.com/api/collect:0
[   13682ms] [ERROR] Failed to load resource: the server responded with a status of 503 (Service Unavailable) @ https://googlesignintest.loca.lt/public/scripts/shopify-page-script.js?shop=outerbloom1.myshopify.com:0
[   14443ms] [ERROR] Access to fetch at 'https://outerbloom.com/api/collect' from origin 'https://aafimopi.org' has been blocked by CORS policy: Response to preflight request doesn't pass access control check: No 'Access-Control-Allow-Origin' header is present on the requested resource. @ https://aafimopi.org/:0
[   14443ms] [ERROR] Failed to load resource: net::ERR_FAILED @ https://outerbloom.com/api/collect:0
[   17964ms] [ERROR] Access to fetch at 'https://outerbloom.com/api/collect' from origin 'https://aafimopi.org' has been blocked by CORS policy: Response to preflight request doesn't pass access control check: No 'Access-Control-Allow-Origin' header is present on the requested resource. @ https://aafimopi.org/:0
[   17964ms] [ERROR] Failed to load resource: net::ERR_FAILED @ https://outerbloom.com/api/collect:0
[   19913ms] [ERROR] Access to fetch at 'https://outerbloom.com/api/collect' from origin 'https://aafimopi.org' has been blocked by CORS policy: Response to preflight request doesn't pass access control check: No 'Access-Control-Allow-Origin' header is present on the requested resource. @ https://aafimopi.org/:0
[   19913ms] [ERROR] Failed to load resource: net::ERR_FAILED @ https://outerbloom.com/api/collect:0
[   26057ms] [ERROR] Access to fetch at 'https://outerbloom.com/api/collect' from origin 'https://aafimopi.org' has been blocked by CORS policy: Response to preflight request doesn't pass access control check: No 'Access-Control-Allow-Origin' header is present on the requested resource. @ https://aafimopi.org/:0
[   26057ms] [ERROR] Failed to load resource: net::ERR_FAILED @ https://outerbloom.com/api/collect:0
